// Vitest Snapshot v1, https://vitest.dev/guide/snapshot.html

exports[`BaseModal > renders correctly when visible 1`] = `
<anonymous-stub
  appear="false"
  as="template"
  enter=""
  entered=""
  enterfrom=""
  enterto=""
  leave=""
  leavefrom=""
  leaveto=""
  show="true"
  unmount="true"
>
  <dialog-stub
    as="div"
    class="relative z-10"
    id="headlessui-dialog-7"
    open="DC8F892D-2EBD-447C-A4C8-A03058436FF4"
    static="false"
    unmount="true"
  >
    <anonymous-stub
      appear="false"
      as="template"
      enter="ease-out duration-300"
      entered=""
      enterfrom="opacity-0"
      enterto="opacity-100"
      leave="ease-in duration-200"
      leavefrom="opacity-100"
      leaveto="opacity-0"
      unmount="true"
    >
      <div
        class="fixed inset-0 bg-gray-500 bg-opacity-75 transition-opacity"
      />
    </anonymous-stub>
    <div
      class="fixed inset-0 z-10 overflow-y-auto"
    >
      <div
        class="flex min-h-full items-end justify-center p-4 text-center sm:items-center sm:p-0"
      >
        <anonymous-stub
          appear="false"
          as="template"
          enter="ease-out duration-300"
          entered=""
          enterfrom="opacity-0 translate-y-4 sm:translate-y-0 sm:scale-95"
          enterto="opacity-100 translate-y-0 sm:scale-100"
          leave="ease-in duration-200"
          leavefrom="opacity-100 translate-y-0 sm:scale-100"
          leaveto="opacity-0 translate-y-4 sm:translate-y-0 sm:scale-95"
          unmount="true"
        >
          <dialog-panel-stub
            as="div"
            class="relative transform overflow-hidden w-full rounded-lg bg-white px-4 pb-4 pt-5 text-left shadow-xl transition-all sm:my-8 sm:w-full sm:max-w-sm sm:p-6"
            id="headlessui-dialog-panel-8"
          >
            
            
          </dialog-panel-stub>
        </anonymous-stub>
      </div>
    </div>
  </dialog-stub>
</anonymous-stub>
`;
