// Vitest Snapshot v1, https://vitest.dev/guide/snapshot.html

exports[`JoinGameModal > renders correctly when visible 1`] = `
<base-modal-stub
  show="true"
>
  <div
    class="text-center"
  >
    <form
      name="<input id=\\"name\\" class=\\"block w-full rounded-md border-0 py-1.5 text-gray-900 shadow-sm ring-1 ring-inset ring-gray-300 placeholder:text-gray-400 focus:ring-2 focus:ring-inset focus:ring-rose-600 sm:text-sm sm:leading-6\\" name=\\"name\\" required=\\"\\">"
    >
      <dialog-title-stub
        as="h3"
        class="text-base font-semibold leading-6 text-gray-900"
        id="headlessui-dialog-title-5"
      >
        What shall we call you?
      </dialog-title-stub>
      <div
        class="mt-2"
      >
        <label
          class="sr-only"
          for="name"
        >
          Name
        </label>
        <div
          class="mt-2"
        >
          <input
            class="block w-full rounded-md border-0 py-1.5 text-gray-900 shadow-sm ring-1 ring-inset ring-gray-300 placeholder:text-gray-400 focus:ring-2 focus:ring-inset focus:ring-rose-600 sm:text-sm sm:leading-6"
            id="name"
            name="name"
            required=""
          />
        </div>
      </div>
      <div
        class="mt-5 sm:mt-6"
      >
        <button
          class="inline-flex w-full justify-center rounded-md bg-rose-600 px-3 py-2 text-sm font-semibold text-white shadow-sm hover:bg-rose-500 focus-visible:outline focus-visible:outline-2 focus-visible:outline-offset-2 focus-visible:outline-rose-600"
          type="submit"
        >
           Join 
        </button>
      </div>
    </form>
  </div>
</base-modal-stub>
`;
